../Core/Src/main.c:78:6:HAL_ADC_ConvHalfCpltCallback	2
../Core/Src/main.c:85:6:HAL_ADC_ConvCpltCallback	2
../Core/Src/main.c:92:6:HAL_UART_TxCpltCallback	2
../Core/Src/main.c:99:6:process_and_send	6
../Core/Src/main.c:129:6:HAL_UARTEx_RxEventCallback	2
../Core/Src/main.c:144:5:main	3
../Core/Src/main.c:206:6:SystemClock_Config	3
../Core/Src/main.c:256:13:MX_ADC1_Init	3
../Core/Src/main.c:308:13:MX_USART1_UART_Init	2
../Core/Src/main.c:339:13:MX_DMA_Init	1
../Core/Src/main.c:363:13:MX_GPIO_Init	1
../Core/Src/main.c:381:5:_write	1
../Core/Src/main.c:392:6:Error_Handler	1
