-------------------------------------------------------
ESP32-S3 | Vref(nominal) = 3300 mV | Atten = 12dB | 12-bit | oversample x8
-------------------------------------------------------
 RAW  | U_manual(mV) | U_cali(mV) | Error(%)
-------------------------------------------------------
   0  |          0.0 |          0 |     0.00
  73  |         58.8 |         65 |     9.50
 802  |        646.3 |        692 |     6.60
1508  |       1215.2 |       1278 |     4.91
2453  |       1976.8 |       2063 |     4.18
3310  |       2667.4 |       2721 |     1.97
4095  |       3300.0 |       3149 |     4.80
4095  |       3300.0 |       3149 |     4.80
4095  |       3300.0 |       3149 |     4.80
3930  |       3167.0 |       3082 |     2.76
2848  |       2295.1 |       2379 |     3.53
2080  |       1676.2 |       1754 |     4.44
1226  |        988.0 |       1043 |     5.27
 372  |        299.8 |        328 |     8.60
   0  |          0.0 |          0 |     0.00
