../Drivers/CMSIS/Include/core_cm4.h:1684:22:__NVIC_EnableIRQ	2
../Drivers/CMSIS/Include/core_cm4.h:1814:22:__NVIC_SetPriority	2
../Drivers/CMSIS/Include/core_cm4.h:2022:26:SysTick_Config	2
../Core/Src/main.c:67:6:SysTick_Handler	1
../Core/Src/main.c:73:13:GPIO_Init	1
../Core/Src/main.c:91:13:EXTI_Init	1
../Core/Src/main.c:108:6:EXTI0_IRQHandler	3
../Core/Src/main.c:128:5:main	2
../Core/Src/main.c:152:6:SystemClock_Config	3
../Core/Src/main.c:194:13:MX_GPIO_Init	1
../Core/Src/main.c:216:6:Error_Handler	1
